#0 building with "desktop-linux" instance using docker driver

#1 [internal] load build definition from Dockerfile
#1 transferring dockerfile: 1.27kB done
#1 WARN: InvalidDefaultArgInFrom: Default value for ARG ${BASE_IMAGE_REF} results in empty or invalid base image name (line 2)
#1 DONE 0.0s

#2 [internal] load metadata for docker.io/library/python:3.12-slim@sha256:2f17fc044b579bab302c2e8054d3a686e2cb9a83de48e70534b94cd8ebbe06a9
#2 DONE 0.1s

#3 [internal] load .dockerignore
#3 transferring context: 2B done
#3 DONE 0.0s

#4 [1/4] FROM docker.io/library/python:3.12-slim@sha256:2f17fc044b579bab302c2e8054d3a686e2cb9a83de48e70534b94cd8ebbe06a9
#4 resolve docker.io/library/python:3.12-slim@sha256:2f17fc044b579bab302c2e8054d3a686e2cb9a83de48e70534b94cd8ebbe06a9 0.0s done
#4 DONE 0.0s

#5 [internal] load build context
#5 transferring context: 3.96MB 0.2s done
#5 DONE 0.2s

#6 [2/4] RUN groupadd --gid 1000 nexa-runner     && useradd --uid 1000 --gid 1000 --create-home --shell /usr/sbin/nologin nexa-runner     && groupadd --gid 1001 nexa-workload     && useradd --uid 1001 --gid 1001 --create-home --shell /usr/sbin/nologin nexa-workload     && mkdir -p /opt/nexa /run/nexa /var/lib/nexa /input /output     && chown -R nexa-runner:nexa-runner /run/nexa /var/lib/nexa /output     && chmod 0555 /input
#6 CACHED

#7 [3/4] COPY src/nexa /opt/nexa/nexa
#7 DONE 0.2s

#8 [4/4] COPY deploy/cpu-iterative/runner-config.json /etc/nexa/runner-config.json
#8 DONE 0.0s

#9 exporting to image
#9 exporting layers
#9 exporting layers 0.2s done
#9 exporting manifest sha256:59f69edea76de87cdc0983f916b87ee6e5c37938c6edd1b47e7f3d4afd10cc27 done
#9 exporting config sha256:d60cc5b0c58760238dbe4c9abf8e707d34ffea0d263e06a9eb44dfbda7dc4288 done
#9 exporting attestation manifest sha256:30b391a7cc3d3ca1c70a6294327cf92fd768fa2f4c76a29484e1eca17bbcece9 done
#9 exporting manifest list sha256:a14b604aa9b2c8ccbe2f04b8263568fd63247cb73c069dfc4f9ce5ae18dfe934 0.0s done
#9 naming to docker.io/nexa/cpu-iterative:b17 done
#9 unpacking to docker.io/nexa/cpu-iterative:b17 0.1s done
#9 DONE 0.4s

 1 warning found (use docker --debug to expand):
 - InvalidDefaultArgInFrom: Default value for ARG ${BASE_IMAGE_REF} results in empty or invalid base image name (line 2)

View build details: docker-desktop://dashboard/build/desktop-linux/desktop-linux/jaty5jba1iif09sfikh4akaux
{"status":"built","image_id":"sha256:a14b604aa9b2c8ccbe2f04b8263568fd63247cb73c069dfc4f9ce5ae18dfe934","repo_digests":["nexa/cpu-iterative@sha256:a14b604aa9b2c8ccbe2f04b8263568fd63247cb73c069dfc4f9ce5ae18dfe934"],"architecture":"arm64","os":"linux"}
