[b17-stack] run 7d5f79ff tier=w2 network=bridge dist index=9c9397bd5322
INFO  [alembic.runtime.migration] Context impl PostgresqlImpl.
INFO  [alembic.runtime.migration] Will assume transactional DDL.
INFO  [alembic.runtime.migration] Running upgrade  -> 20260919_0001, Create the B05 PostgreSQL schema.
INFO  [alembic.runtime.migration] Running upgrade 20260919_0001 -> 20260920_0002, Add durable B06 identity runtime state.
INFO  [alembic.runtime.migration] Running upgrade 20260920_0002 -> 20260920_0003, Add B07 durable tenant artifact-storage counters.
INFO  [alembic.runtime.migration] Running upgrade 20260920_0003 -> 20260921_0004, Persist B10 reconciliation traversal progress.
INFO  [alembic.runtime.migration] Running upgrade 20260921_0004 -> 20260922_0005, Persist immutable B11 dispatch and claim facts.
INFO  [alembic.runtime.migration] Running upgrade 20260922_0005 -> 20260922_0006, Bind upload sessions to the authority grant that authorized them.
INFO  [alembic.runtime.migration] Running upgrade 20260922_0006 -> 20260923_0007, Correlate recognized results with their committed completion callback.
INFO  [alembic.runtime.migration] Running upgrade 20260923_0007 -> 20260925_0008, Maintain the existing per-tenant/priority queue heads in Job transactions.
INFO  [alembic.runtime.migration] Running upgrade 20260925_0008 -> 20260925_0009, Persist the inputs used to reconcile queued eligibility per tenant.
INFO  [alembic.runtime.migration] Running upgrade 20260925_0009 -> 20260925_0010, Track queued submitters without scanning every job on a blocked tick.
INFO  [alembic.runtime.migration] Running upgrade 20260925_0010 -> 20260925_0011, Persist the end of a tenant or user concurrency block.
INFO  [alembic.runtime.migration] Running upgrade 20260925_0011 -> 20260925_0012, Start eligible age at the durable retry-ready boundary.
INFO  [alembic.runtime.migration] Running upgrade 20260925_0012 -> 20260925_0013, Record exact queue eligibility boundaries without rewriting a tenant queue.
INFO  [alembic.runtime.migration] Running upgrade 20260925_0013 -> 20260925_0014, Record tenant enable boundaries and rebuild preexisting queue eligibility.
INFO  [alembic.runtime.migration] Running upgrade 20260925_0014 -> 20260925_0015, Support bounded age existence probes for priority promotion.
INFO  [alembic.runtime.migration] Running upgrade 20260925_0015 -> 20260925_0016, Index per-submitter age probes used by bounded resumed queue windows.
INFO  [alembic.runtime.migration] Running upgrade 20260925_0016 -> 20260925_0017, Track held-quota headroom per tenant instead of rewriting queued job ages.
INFO  [alembic.runtime.migration] Running upgrade 20260925_0017 -> 20260926_0018, Record one-way checkpoint corruption marks for restore selection.
INFO  [alembic.runtime.migration] Running upgrade 20260926_0018 -> 20260926_0019, Admit checkpoint-for-pause jobs to the B13 queue and support B15 control.
INFO  [alembic.runtime.migration] Running upgrade 20260926_0019 -> 20260928_0020, Store the B16 sweep expansion and the batch-inference item count.
INFO  [alembic.runtime.migration] Running upgrade 20260928_0020 -> 20260928_0021, Make every Nexa SQL function independent of the caller's search_path (B13-R12).
INFO  [alembic.runtime.migration] Running upgrade 20260928_0021 -> 20260929_0022, Record the artifact store identity the deployment bound (B14-OBS-01).
INFO  [alembic.runtime.migration] Running upgrade 20260929_0022 -> 20261001_0023, Index the cross-tenant admin job list and the fairness ledger period (B18).
[b17-stack] database reset and migrated to head
[b17-stack] API ready on port 53253 (bind 127.0.0.1)
[b17-stack] Caddy caddy:2.10.2-alpine (sha256:4c6e91c6ed0e) serving https://localhost:53254
[b17-stack] seeded 3 tenants, 10 users, 3 templates
[b17-stack] coordinator started
[b17-stack] worker READY: cpu image sha256:ec419c61c084, worker sha256:a2b0aace4881
[b17-stack] running: pnpm --dir web exec playwright test --project=w2

Running 4 tests using 1 worker

  ✓  1 [w2] › tests/e2e/w2/lifecycle.spec.ts:57:1 › 15. cpu-iterative runs to SUCCEEDED: progress, result files and metrics, checksum-verified download, polling stops (17.6s)
  ✓  2 [w2] › tests/e2e/w2/lifecycle.spec.ts:104:1 › 16. pause then resume: PAUSING → PAUSED with a committed checkpoint, then RUNNING → SUCCEEDED over two attempts (45.4s)
  ✓  3 [w2] › tests/e2e/w2/lifecycle.spec.ts:149:1 › 17. cancel a RUNNING job: CANCELLING (waiting for stop) until the backend reports CANCELLED (22.4s)
  ✓  4 [w2] › tests/e2e/w2/lifecycle.spec.ts:181:1 › 18. a FAILED job (runtime limit) is retried: new job links to the source and back; the source is unchanged (17.0s)

  4 passed (1.7m)
[b17-stack] command exit=0 in 107.2s
[b17-stack] cleaned up run 7d5f79ff
