[b17-stack] run dd1c341f tier=w2 network=bridge dist index=26f823701cc6
INFO  [alembic.runtime.migration] Context impl PostgresqlImpl.
INFO  [alembic.runtime.migration] Will assume transactional DDL.
INFO  [alembic.runtime.migration] Running upgrade  -> 20260919_0001, Create the B05 PostgreSQL schema.
INFO  [alembic.runtime.migration] Running upgrade 20260919_0001 -> 20260920_0002, Add durable B06 identity runtime state.
INFO  [alembic.runtime.migration] Running upgrade 20260920_0002 -> 20260920_0003, Add B07 durable tenant artifact-storage counters.
INFO  [alembic.runtime.migration] Running upgrade 20260920_0003 -> 20260921_0004, Persist B10 reconciliation traversal progress.
INFO  [alembic.runtime.migration] Running upgrade 20260921_0004 -> 20260922_0005, Persist immutable B11 dispatch and claim facts.
INFO  [alembic.runtime.migration] Running upgrade 20260922_0005 -> 20260922_0006, Bind upload sessions to the authority grant that authorized them.
INFO  [alembic.runtime.migration] Running upgrade 20260922_0006 -> 20260923_0007, Correlate recognized results with their committed completion callback.
INFO  [alembic.runtime.migration] Running upgrade 20260923_0007 -> 20260925_0008, Maintain the existing per-tenant/priority queue heads in Job transactions.
INFO  [alembic.runtime.migration] Running upgrade 20260925_0008 -> 20260925_0009, Persist the inputs used to reconcile queued eligibility per tenant.
INFO  [alembic.runtime.migration] Running upgrade 20260925_0009 -> 20260925_0010, Track queued submitters without scanning every job on a blocked tick.
INFO  [alembic.runtime.migration] Running upgrade 20260925_0010 -> 20260925_0011, Persist the end of a tenant or user concurrency block.
INFO  [alembic.runtime.migration] Running upgrade 20260925_0011 -> 20260925_0012, Start eligible age at the durable retry-ready boundary.
INFO  [alembic.runtime.migration] Running upgrade 20260925_0012 -> 20260925_0013, Record exact queue eligibility boundaries without rewriting a tenant queue.
INFO  [alembic.runtime.migration] Running upgrade 20260925_0013 -> 20260925_0014, Record tenant enable boundaries and rebuild preexisting queue eligibility.
INFO  [alembic.runtime.migration] Running upgrade 20260925_0014 -> 20260925_0015, Support bounded age existence probes for priority promotion.
INFO  [alembic.runtime.migration] Running upgrade 20260925_0015 -> 20260925_0016, Index per-submitter age probes used by bounded resumed queue windows.
INFO  [alembic.runtime.migration] Running upgrade 20260925_0016 -> 20260925_0017, Track held-quota headroom per tenant instead of rewriting queued job ages.
INFO  [alembic.runtime.migration] Running upgrade 20260925_0017 -> 20260926_0018, Record one-way checkpoint corruption marks for restore selection.
INFO  [alembic.runtime.migration] Running upgrade 20260926_0018 -> 20260926_0019, Admit checkpoint-for-pause jobs to the B13 queue and support B15 control.
INFO  [alembic.runtime.migration] Running upgrade 20260926_0019 -> 20260928_0020, Store the B16 sweep expansion and the batch-inference item count.
INFO  [alembic.runtime.migration] Running upgrade 20260928_0020 -> 20260928_0021, Make every Nexa SQL function independent of the caller's search_path (B13-R12).
INFO  [alembic.runtime.migration] Running upgrade 20260928_0021 -> 20260929_0022, Record the artifact store identity the deployment bound (B14-OBS-01).
INFO  [alembic.runtime.migration] Running upgrade 20260929_0022 -> 20261001_0023, Index the cross-tenant admin job list and the fairness ledger period (B18).
[b17-stack] database reset and migrated to head
[b17-stack] API ready on port 49521 (bind 127.0.0.1)
[b17-stack] Caddy caddy:2.10.2-alpine (sha256:4c6e91c6ed0e) serving https://localhost:49522
[b17-stack] seeded 3 tenants, 10 users, 3 templates
[b17-stack] coordinator started
[b17-stack] worker READY: cpu image sha256:6382e10aa8fa, worker sha256:f446acea8a8e
[b17-stack] running: pnpm --dir web exec playwright test --project=w2-admin --project=w2-admin-mobile

Running 5 tests using 1 worker

  ✘  1 [w2-admin] › tests/e2e/w2-admin/01-workers.spec.ts:112:1 › 14–15. worker inventory and capacity, a RUNNING job's HELD allocation, drain waits for it, enable dispatches the queued job (39.6s)

  ✘  2 [w2-admin] › tests/e2e/w2-admin/01-workers.spec.ts:188:1 › 16. disable fences a RUNNING job; QUARANTINED blocks enable until the worker cleans up; the job recovers (2.0m)
  ✘  3 [w2-admin] › tests/e2e/w2-admin/01-workers.spec.ts:277:1 › 17. worker action 412: a second admin acts on a stale page and is told to re-check (2.0m)
  ✘  4 [w2-admin] › tests/e2e/w2-admin/02-fairness.spec.ts:17:1 › 18. fairness with real allocations: tenants that ran have service > 0; the tenant filter narrows the report (876ms)
  ✓  5 [w2-admin-mobile] › tests/e2e/admin-mobile/mobile.spec.ts:8:1 › 19. mobile admin: nav, overview, worker detail and tenant policy form without horizontal scroll (922ms)


  1) [w2-admin] › tests/e2e/w2-admin/01-workers.spec.ts:112:1 › 14–15. worker inventory and capacity, a RUNNING job's HELD allocation, drain waits for it, enable dispatches the queued job 

    Error: expect(locator).toHaveText(expected) failed

    Locator: locator('table').filter({ has: locator('caption').filter({ hasText: 'Sức chứa' }) }).getByRole('row', { name: /^Đang giữ/ }).locator('td').first()
    Expected pattern: /^1(\s|$)/
    Received string:  "0 core"
    Timeout: 10000ms

    Call log:
      - Expect "toHaveText" locator('table').filter({ has: locator('caption').filter({ hasText: 'Sức chứa' }) }).getByRole('row', { name: /^Đang giữ/ }).locator('td').first() with timeout 10000ms
      - waiting for locator('table').filter({ has: locator('caption').filter({ hasText: 'Sức chứa' }) }).getByRole('row', { name: /^Đang giữ/ }).locator('td').first()
        24 × locator resolved to <td>0 core</td>
           - unexpected value "0 core"


      134 |   const capacity = page.locator("table").filter({ has: page.locator("caption", { hasText: "Sức chứa" }) });
      135 |   await expect(capacity.getByRole("row", { name: /^Có thể cấp phát/ }).locator("td").first()).not.toHaveText("—");
    > 136 |   await expect(capacity.getByRole("row", { name: /^Đang giữ/ }).locator("td").first()).toHaveText(/^1(\s|$)/);
          |                                                                                        ^
      137 |   await expect(allocationRow(page, jobA.job_id)).toContainText("Đang giữ");
      138 |   await expect(transition(page)).toHaveCount(0);
      139 |
        at /Users/macbook/Documents/University Library/PBL4-Project/web/tests/e2e/w2-admin/01-workers.spec.ts:136:88

    attachment #1: screenshot (image/png) ──────────────────────────────────────────────────────────
    test-results/01-workers-14–15-worker-in-51303-e-dispatches-the-queued-job-w2-admin/test-failed-1.png
    ────────────────────────────────────────────────────────────────────────────────────────────────

    Error Context: test-results/01-workers-14–15-worker-in-51303-e-dispatches-the-queued-job-w2-admin/error-context.md

    attachment #3: trace (application/zip) ─────────────────────────────────────────────────────────
    test-results/01-workers-14–15-worker-in-51303-e-dispatches-the-queued-job-w2-admin/trace.zip
    Usage:

        pnpm exec playwright show-trace test-results/01-workers-14–15-worker-in-51303-e-dispatches-the-queued-job-w2-admin/trace.zip

    ────────────────────────────────────────────────────────────────────────────────────────────────

  2) [w2-admin] › tests/e2e/w2-admin/01-workers.spec.ts:188:1 › 16. disable fences a RUNNING job; QUARANTINED blocks enable until the worker cleans up; the job recovers 

    Error: expect(locator).toBeVisible() failed

    Locator: getByRole('dialog', { name: 'Bật lại?' }).locator('.error-panel').getByText('Chi tiết từ máy chủ: Worker version does not match If-Match')
    Expected: visible
    Timeout: 10000ms
    Error: element(s) not found

    Call log:
      - Expect "toBeVisible" getByRole('dialog', { name: 'Bật lại?' }).locator('.error-panel').getByText('Chi tiết từ máy chủ: Worker version does not match If-Match') with timeout 10000ms
      - waiting for getByRole('dialog', { name: 'Bật lại?' }).locator('.error-panel').getByText('Chi tiết từ máy chủ: Worker version does not match If-Match')


    Call Log:
    - Timeout 90000ms exceeded while waiting on the predicate

      94 |     }
      95 |     expect(response.status()).toBe(200);
    > 96 |   }).toPass({ intervals: [5_000], timeout: 90_000 });
         |      ^
      97 |   test.info().annotations.push({ type: `enable "${reason}" refusals before 200`, description: JSON.stringify(refusals) });
      98 |   return refusals;
      99 | }
        at enableUntilAccepted (/Users/macbook/Documents/University Library/PBL4-Project/web/tests/e2e/w2-admin/01-workers.spec.ts:96:6)
        at /Users/macbook/Documents/University Library/PBL4-Project/web/tests/e2e/w2-admin/01-workers.spec.ts:239:9

    attachment #1: screenshot (image/png) ──────────────────────────────────────────────────────────
    test-results/01-workers-16-disable-fenc-18286--cleans-up-the-job-recovers-w2-admin/test-failed-1.png
    ────────────────────────────────────────────────────────────────────────────────────────────────

    Error Context: test-results/01-workers-16-disable-fenc-18286--cleans-up-the-job-recovers-w2-admin/error-context.md

    attachment #3: trace (application/zip) ─────────────────────────────────────────────────────────
    test-results/01-workers-16-disable-fenc-18286--cleans-up-the-job-recovers-w2-admin/trace.zip
    Usage:

        pnpm exec playwright show-trace test-results/01-workers-16-disable-fenc-18286--cleans-up-the-job-recovers-w2-admin/trace.zip

    ────────────────────────────────────────────────────────────────────────────────────────────────

  3) [w2-admin] › tests/e2e/w2-admin/01-workers.spec.ts:277:1 › 17. worker action 412: a second admin acts on a stale page and is told to re-check 

    Error: expect(received).toBe(expected) // Object.is equality

    Expected: "READY"
    Received: "STARTING"

    Call Log:
    - Timeout 120000ms exceeded while waiting on the predicate

      105 |       intervals: [1000],
      106 |     })
    > 107 |     .toBe("READY");
          |      ^
      108 | }
      109 |
      110 | const transition = (page: Page) => page.locator("main p[role=status]").filter({ hasNotText: "Hệ thống đang ở chế độ" });
        at waitWorkerReady (/Users/macbook/Documents/University Library/PBL4-Project/web/tests/e2e/w2-admin/01-workers.spec.ts:107:6)
        at /Users/macbook/Documents/University Library/PBL4-Project/web/tests/e2e/w2-admin/01-workers.spec.ts:279:9

    Error Context: test-results/01-workers-17-worker-actio-987f5-age-and-is-told-to-re-check-w2-admin/error-context.md

    attachment #2: trace (application/zip) ─────────────────────────────────────────────────────────
    test-results/01-workers-17-worker-actio-987f5-age-and-is-told-to-re-check-w2-admin/trace.zip
    Usage:

        pnpm exec playwright show-trace test-results/01-workers-17-worker-actio-987f5-age-and-is-told-to-re-check-w2-admin/trace.zip

    ────────────────────────────────────────────────────────────────────────────────────────────────

  4) [w2-admin] › tests/e2e/w2-admin/02-fairness.spec.ts:17:1 › 18. fairness with real allocations: tenants that ran have service > 0; the tenant filter narrows the report 

    Error: expect(received).toBeGreaterThan(expected)

    Matcher error: received value must be a number or bigint

    Received has value: undefined

      27 |   const all = await totals(page);
      28 |   expect(all["b17-tenant-a"]).toBeGreaterThan(0);
    > 29 |   expect(all["b17-tenant-b"]).toBeGreaterThan(0);
         |                               ^
      30 |   expect(all["b17-tenant-quota"] ?? 0).toBe(0);
      31 |
      32 |   const form = page.getByRole("form", { name: "Khoảng báo cáo fairness" });
        at /Users/macbook/Documents/University Library/PBL4-Project/web/tests/e2e/w2-admin/02-fairness.spec.ts:29:31

    attachment #1: screenshot (image/png) ──────────────────────────────────────────────────────────
    test-results/02-fairness-18-fairness-wi-105d1-t-filter-narrows-the-report-w2-admin/test-failed-1.png
    ────────────────────────────────────────────────────────────────────────────────────────────────

    Error Context: test-results/02-fairness-18-fairness-wi-105d1-t-filter-narrows-the-report-w2-admin/error-context.md

    attachment #3: trace (application/zip) ─────────────────────────────────────────────────────────
    test-results/02-fairness-18-fairness-wi-105d1-t-filter-narrows-the-report-w2-admin/trace.zip
    Usage:

        pnpm exec playwright show-trace test-results/02-fairness-18-fairness-wi-105d1-t-filter-narrows-the-report-w2-admin/trace.zip

    ────────────────────────────────────────────────────────────────────────────────────────────────

  4 failed
    [w2-admin] › tests/e2e/w2-admin/01-workers.spec.ts:112:1 › 14–15. worker inventory and capacity, a RUNNING job's HELD allocation, drain waits for it, enable dispatches the queued job 
    [w2-admin] › tests/e2e/w2-admin/01-workers.spec.ts:188:1 › 16. disable fences a RUNNING job; QUARANTINED blocks enable until the worker cleans up; the job recovers 
    [w2-admin] › tests/e2e/w2-admin/01-workers.spec.ts:277:1 › 17. worker action 412: a second admin acts on a stale page and is told to re-check 
    [w2-admin] › tests/e2e/w2-admin/02-fairness.spec.ts:17:1 › 18. fairness with real allocations: tenants that ran have service > 0; the tenant filter narrows the report 
  1 passed (4.8m)
[b17-stack] command exit=1 in 289.3s
[b17-stack] cleaned up run dd1c341f
