[b17-stack] run d94b8962 tier=w2 network=bridge dist index=b57852b8a94a
INFO  [alembic.runtime.migration] Context impl PostgresqlImpl.
INFO  [alembic.runtime.migration] Will assume transactional DDL.
INFO  [alembic.runtime.migration] Running upgrade  -> 20260919_0001, Create the B05 PostgreSQL schema.
INFO  [alembic.runtime.migration] Running upgrade 20260919_0001 -> 20260920_0002, Add durable B06 identity runtime state.
INFO  [alembic.runtime.migration] Running upgrade 20260920_0002 -> 20260920_0003, Add B07 durable tenant artifact-storage counters.
INFO  [alembic.runtime.migration] Running upgrade 20260920_0003 -> 20260921_0004, Persist B10 reconciliation traversal progress.
INFO  [alembic.runtime.migration] Running upgrade 20260921_0004 -> 20260922_0005, Persist immutable B11 dispatch and claim facts.
INFO  [alembic.runtime.migration] Running upgrade 20260922_0005 -> 20260922_0006, Bind upload sessions to the authority grant that authorized them.
INFO  [alembic.runtime.migration] Running upgrade 20260922_0006 -> 20260923_0007, Correlate recognized results with their committed completion callback.
INFO  [alembic.runtime.migration] Running upgrade 20260923_0007 -> 20260925_0008, Maintain the existing per-tenant/priority queue heads in Job transactions.
INFO  [alembic.runtime.migration] Running upgrade 20260925_0008 -> 20260925_0009, Persist the inputs used to reconcile queued eligibility per tenant.
INFO  [alembic.runtime.migration] Running upgrade 20260925_0009 -> 20260925_0010, Track queued submitters without scanning every job on a blocked tick.
INFO  [alembic.runtime.migration] Running upgrade 20260925_0010 -> 20260925_0011, Persist the end of a tenant or user concurrency block.
INFO  [alembic.runtime.migration] Running upgrade 20260925_0011 -> 20260925_0012, Start eligible age at the durable retry-ready boundary.
INFO  [alembic.runtime.migration] Running upgrade 20260925_0012 -> 20260925_0013, Record exact queue eligibility boundaries without rewriting a tenant queue.
INFO  [alembic.runtime.migration] Running upgrade 20260925_0013 -> 20260925_0014, Record tenant enable boundaries and rebuild preexisting queue eligibility.
INFO  [alembic.runtime.migration] Running upgrade 20260925_0014 -> 20260925_0015, Support bounded age existence probes for priority promotion.
INFO  [alembic.runtime.migration] Running upgrade 20260925_0015 -> 20260925_0016, Index per-submitter age probes used by bounded resumed queue windows.
INFO  [alembic.runtime.migration] Running upgrade 20260925_0016 -> 20260925_0017, Track held-quota headroom per tenant instead of rewriting queued job ages.
INFO  [alembic.runtime.migration] Running upgrade 20260925_0017 -> 20260926_0018, Record one-way checkpoint corruption marks for restore selection.
INFO  [alembic.runtime.migration] Running upgrade 20260926_0018 -> 20260926_0019, Admit checkpoint-for-pause jobs to the B13 queue and support B15 control.
INFO  [alembic.runtime.migration] Running upgrade 20260926_0019 -> 20260928_0020, Store the B16 sweep expansion and the batch-inference item count.
INFO  [alembic.runtime.migration] Running upgrade 20260928_0020 -> 20260928_0021, Make every Nexa SQL function independent of the caller's search_path (B13-R12).
INFO  [alembic.runtime.migration] Running upgrade 20260928_0021 -> 20260929_0022, Record the artifact store identity the deployment bound (B14-OBS-01).
INFO  [alembic.runtime.migration] Running upgrade 20260929_0022 -> 20261001_0023, Index the cross-tenant admin job list and the fairness ledger period (B18).
[b17-stack] database reset and migrated to head
[b17-stack] API ready on port 56349 (bind 127.0.0.1)
[b17-stack] api ops listener on port 56345
[b17-stack] Caddy caddy:2.10.2-alpine (sha256:4c6e91c6ed0e) serving https://localhost:56350
[b17-stack] seeded 3 tenants, 10 users, 3 templates
[b17-stack] coordinator started
[b17-stack] coordinator ops listener on port 56346
[b17-stack] worker READY: cpu image sha256:a35ca2873385, worker sha256:5a6039116ffe
[b17-stack] worker ops listener on port 56347
[b17-stack] Prometheus sha256:63805ebb8d2b on port 56348
[b17-stack] running: .venv/bin/python scripts/b19_scrape.py --out /tmp/b19_r2_scrape.json
[b19] 17:51:02.644Z targets up: {'nexa-worker': '1', 'nexa-coordinator': '1', 'nexa-api': '1'}
[b19] 17:51:02.658Z ready via /metrics only: {'nexa-worker': '1', 'nexa-coordinator': '1', 'nexa-api': '1'}
[b19] 17:51:12.260Z job 01a1080a-6ac1-7243-8072-3dcb51492a5e SUCCEEDED
[b19] 17:51:15.603Z groups missing=[] id_labels=[]
[b19] 17:51:17.704Z RV02 storage_ready_0
[b19] 17:51:18.738Z RV02 pending
[b19] 17:51:38.224Z RV02 firing
[b19] 17:51:38.225Z RV02 storage_restored
[b19] 17:51:42.399Z RV02 storage_ready_1
[b19] 17:51:43.459Z RV02 resolved
[b19] 17:51:46.398Z worker container stopped
[b19] 17:51:46.419Z alert NexaGcNeverCompleted firing job=nexa-api
[b19] 17:51:58.712Z alert NexaTargetDown pending job=nexa-worker
[b19] 17:52:18.232Z alert NexaTargetDown firing job=nexa-worker
[b19] 17:52:23.375Z alert NexaWorkerNotReady pending job=nexa-api
[b19] 17:52:43.967Z alert NexaWorkerNotReady firing job=nexa-api
[b19] 17:52:43.970Z wrote /tmp/b19_r2_scrape.json
[b19] 17:52:43.970Z failures=[]
[b17-stack] command exit=0 in 108.9s
[b17-stack] nexa-maintenance consistency-check exit=0
[b17-stack]   {"accepted":1,"consistent":true,"missing_accepted":0,"multiple_results":0,"result_of_unsucceeded_job":0,"succeeded":1,"succeeded_without_result":0}
[b17-stack] nexa-maintenance storage-check exit=0
[b17-stack]   {"consistent":true,"drift":[],"drift_tenants":0,"retained_unpublished_artifacts":0,"retained_unpublished_bytes":0}
[b17-stack] canary scan: 30 values x 3 logs (api 41174 B, coordinator 191 B, worker 1996 B): 0 hit(s)
[b17-stack] cleaned up run d94b8962
