#0 building with "desktop-linux" instance using docker driver

#1 [internal] load build definition from Dockerfile
#1 transferring dockerfile: 1.27kB 0.0s done
#1 WARN: InvalidDefaultArgInFrom: Default value for ARG ${BASE_IMAGE_REF} results in empty or invalid base image name (line 2)
#1 DONE 0.0s

#2 [internal] load metadata for docker.io/library/python:3.12-slim@sha256:2f17fc044b579bab302c2e8054d3a686e2cb9a83de48e70534b94cd8ebbe06a9
#2 DONE 0.1s

#3 [internal] load .dockerignore
#3 transferring context: 2B done
#3 DONE 0.0s

#4 [1/4] FROM docker.io/library/python:3.12-slim@sha256:2f17fc044b579bab302c2e8054d3a686e2cb9a83de48e70534b94cd8ebbe06a9
#4 resolve docker.io/library/python:3.12-slim@sha256:2f17fc044b579bab302c2e8054d3a686e2cb9a83de48e70534b94cd8ebbe06a9 0.0s done
#4 DONE 0.0s

#5 [internal] load build context
#5 transferring context: 28.33kB 0.1s done
#5 DONE 0.1s

#6 [2/4] RUN groupadd --gid 1000 nexa-runner     && useradd --uid 1000 --gid 1000 --create-home --shell /usr/sbin/nologin nexa-runner     && groupadd --gid 1001 nexa-workload     && useradd --uid 1001 --gid 1001 --create-home --shell /usr/sbin/nologin nexa-workload     && mkdir -p /opt/nexa /run/nexa /var/lib/nexa /input /output     && chown -R nexa-runner:nexa-runner /run/nexa /var/lib/nexa /output     && chmod 0555 /input
#6 CACHED

#7 [3/4] COPY src/nexa /opt/nexa/nexa
#7 DONE 0.4s

#8 [4/4] COPY deploy/cpu-iterative/runner-config.json /etc/nexa/runner-config.json
#8 DONE 0.0s

#9 exporting to image
#9 exporting layers
#9 exporting layers 0.3s done
#9 exporting manifest sha256:7d47458bbca779703c6e8460da5017d064ff603f6fdad94770e6d8f8f4935088 done
#9 exporting config sha256:4366f582c7bc43f9a443476f1063dda47846b24ddb130a3857490700858d7491 done
#9 exporting attestation manifest sha256:345d055829f40da589f7a4a985669ddd6b5df0340f37bf662c0ef46f69362122 done
#9 exporting manifest list sha256:a35ca28733855ab40ff10207f69d94c028338073b74984ef9d0b9f3783b0d956 done
#9 naming to docker.io/nexa/cpu-iterative:b19 done
#9 unpacking to docker.io/nexa/cpu-iterative:b19 0.1s done
#9 DONE 0.5s

 [33m1 warning found (use docker --debug to expand):
[0m - InvalidDefaultArgInFrom: Default value for ARG ${BASE_IMAGE_REF} results in empty or invalid base image name (line 2)

View build details: docker-desktop://dashboard/build/desktop-linux/desktop-linux/z1ywp8t797w1girk2gcweuisw
