$ sed "s#^FROM python:3.12-slim$#FROM python:3.12-slim@sha256:2f17fc044b579bab302c2e8054d3a686e2cb9a83de48e70534b94cd8ebbe06a9#" deploy/b10/Dockerfile | docker build --progress=plain -f - -t nexa/b19-worker:local .   # rebuild 2026-10-04 after review fixes
#0 building with "desktop-linux" instance using docker driver

#1 [internal] load build definition from Dockerfile
#1 transferring dockerfile: 530B done
#1 DONE 0.0s

#2 [internal] load metadata for docker.io/library/python:3.12-slim@sha256:2f17fc044b579bab302c2e8054d3a686e2cb9a83de48e70534b94cd8ebbe06a9
#2 DONE 0.2s

#3 [internal] load .dockerignore
#3 transferring context: 2B done
#3 DONE 0.0s

#4 [1/7] FROM docker.io/library/python:3.12-slim@sha256:2f17fc044b579bab302c2e8054d3a686e2cb9a83de48e70534b94cd8ebbe06a9
#4 resolve docker.io/library/python:3.12-slim@sha256:2f17fc044b579bab302c2e8054d3a686e2cb9a83de48e70534b94cd8ebbe06a9 0.0s done
#4 DONE 0.0s

#5 [internal] load build context
#5 transferring context: 705.35kB 0.2s done
#5 DONE 0.2s

#6 [2/7] RUN apt-get update     && apt-get install -y --no-install-recommends docker-cli     && rm -rf /var/lib/apt/lists/*     && python -m pip install --no-cache-dir uv==0.9.27
#6 CACHED

#7 [3/7] WORKDIR /opt/nexa
#7 CACHED

#8 [4/7] COPY pyproject.toml uv.lock README.md alembic.ini ./
#8 CACHED

#9 [5/7] COPY src ./src
#9 DONE 0.8s

#10 [6/7] COPY migrations ./migrations
#10 DONE 0.1s

#11 [7/7] RUN uv sync --frozen --no-dev --no-editable
#11 1.986 Using CPython 3.12.14 interpreter at: /usr/local/bin/python3
#11 1.986 Creating virtual environment at: .venv
#11 2.031    Building nexa @ file:///opt/nexa
#11 2.511 Downloading pydantic-core (1.9MiB)
#11 2.545 Downloading pygments (1.2MiB)
#11 2.551 Downloading sqlalchemy (3.3MiB)
#11 2.575 Downloading psycopg-binary (6.5MiB)
#11 3.515  Downloaded pygments
#11 3.584  Downloaded pydantic-core
#11 3.851  Downloaded sqlalchemy
#11 4.043  Downloaded psycopg-binary
#11 5.087       Built nexa @ file:///opt/nexa
#11 5.109 Prepared 36 packages in 3.10s
#11 5.240 Installed 36 packages in 130ms
#11 5.240  + alembic==1.18.5
#11 5.240  + annotated-doc==0.0.5
#11 5.240  + annotated-types==0.8.0
#11 5.240  + anyio==4.15.1
#11 5.240  + argon2-cffi==25.1.0
#11 5.240  + argon2-cffi-bindings==26.1.0
#11 5.240  + certifi==2026.7.22
#11 5.240  + cffi==2.1.1
#11 5.240  + click==8.5.0
#11 5.240  + fastapi==0.141.1
#11 5.240  + greenlet==3.5.6
#11 5.240  + h11==0.16.0
#11 5.240  + httpcore==1.0.9
#11 5.240  + httpx==0.28.1
#11 5.240  + idna==3.20
#11 5.240  + mako==1.4.1
#11 5.240  + markdown-it-py==4.2.0
#11 5.240  + markupsafe==3.0.3
#11 5.240  + mdurl==0.1.2
#11 5.240  + nexa==0.1.0 (from file:///opt/nexa)
#11 5.240  + prometheus-client==0.26.0
#11 5.240  + psycopg==3.3.5
#11 5.240  + psycopg-binary==3.3.5
#11 5.240  + pycparser==3.0
#11 5.240  + pydantic==2.13.5
#11 5.241  + pydantic-core==2.46.5
#11 5.241  + pygments==2.21.0
#11 5.241  + rfc8785==0.1.4
#11 5.241  + rich==15.0.0
#11 5.241  + shellingham==1.5.4
#11 5.241  + sqlalchemy==2.0.54
#11 5.241  + starlette==1.6.0
#11 5.241  + typer==0.27.2
#11 5.241  + typing-extensions==4.16.0
#11 5.241  + typing-inspection==0.4.4
#11 5.241  + uvicorn==0.41.0
#11 DONE 5.5s

#12 exporting to image
#12 exporting layers
#12 exporting layers 2.5s done
#12 exporting manifest sha256:20f0faee6469db6f8b80492fce065f39fef6a5833def11750f3bb66b056e67f7 0.0s done
#12 exporting config sha256:ad4ea4bce01c3b64e36db964a11cc724e6cd18b5fea47438af803aa775a99ec3 done
#12 exporting attestation manifest sha256:b744592512696414b696c2875f32d1324826aaba64ec3cb9b945ef9df04fe08a 0.0s done
#12 exporting manifest list sha256:5d35ccb53860063567a06082cd3c33c25fd329990c874bbc8b265fbeb5916192 done
#12 naming to docker.io/nexa/b19-worker:local done
#12 unpacking to docker.io/nexa/b19-worker:local
#12 unpacking to docker.io/nexa/b19-worker:local 1.8s done
#12 DONE 4.5s

View build details: docker-desktop://dashboard/build/desktop-linux/desktop-linux/b4cbw3wwfc82gzfy4zu1d8v2t
exit=0
