$ sed "s#^FROM python:3.12-slim$#FROM python:3.12-slim@sha256:2f17fc044b579bab302c2e8054d3a686e2cb9a83de48e70534b94cd8ebbe06a9#" deploy/b10/Dockerfile | docker build --progress=plain -f - -t nexa/b19-worker:local .   # r3, round 2 (RV01–RV11), 2026-10-04T17:44:14Z
#0 building with "desktop-linux" instance using docker driver

#1 [internal] load build definition from Dockerfile
#1 transferring dockerfile: 530B 0.0s done
#1 DONE 0.0s

#2 [internal] load metadata for docker.io/library/python:3.12-slim@sha256:2f17fc044b579bab302c2e8054d3a686e2cb9a83de48e70534b94cd8ebbe06a9
#2 DONE 0.1s

#3 [internal] load .dockerignore
#3 transferring context: 2B done
#3 DONE 0.0s

#4 [internal] load build context
#4 DONE 0.0s

#5 [1/7] FROM docker.io/library/python:3.12-slim@sha256:2f17fc044b579bab302c2e8054d3a686e2cb9a83de48e70534b94cd8ebbe06a9
#5 resolve docker.io/library/python:3.12-slim@sha256:2f17fc044b579bab302c2e8054d3a686e2cb9a83de48e70534b94cd8ebbe06a9 0.1s done
#5 DONE 0.1s

#4 [internal] load build context
#4 transferring context: 297.95kB 0.1s done
#4 DONE 0.1s

#6 [2/7] RUN apt-get update     && apt-get install -y --no-install-recommends docker-cli     && rm -rf /var/lib/apt/lists/*     && python -m pip install --no-cache-dir uv==0.9.27
#6 CACHED

#7 [3/7] WORKDIR /opt/nexa
#7 CACHED

#8 [4/7] COPY pyproject.toml uv.lock README.md alembic.ini ./
#8 CACHED

#9 [5/7] COPY src ./src
#9 DONE 0.6s

#10 [6/7] COPY migrations ./migrations
#10 DONE 0.1s

#11 [7/7] RUN uv sync --frozen --no-dev --no-editable
#11 1.473 Using CPython 3.12.14 interpreter at: /usr/local/bin/python3
#11 1.473 Creating virtual environment at: .venv
#11 1.500    Building nexa @ file:///opt/nexa
#11 1.857 Downloading sqlalchemy (3.3MiB)
#11 1.860 Downloading pydantic-core (1.9MiB)
#11 1.861 Downloading pygments (1.2MiB)
#11 1.883 Downloading psycopg-binary (6.5MiB)
#11 2.801  Downloaded pygments
#11 2.957  Downloaded pydantic-core
#11 3.130  Downloaded sqlalchemy
#11 3.259  Downloaded psycopg-binary
#11 4.630       Built nexa @ file:///opt/nexa
#11 4.647 Prepared 36 packages in 3.15s
#11 4.713 Installed 36 packages in 65ms
#11 4.713  + alembic==1.18.5
#11 4.713  + annotated-doc==0.0.5
#11 4.713  + annotated-types==0.8.0
#11 4.713  + anyio==4.15.1
#11 4.713  + argon2-cffi==25.1.0
#11 4.713  + argon2-cffi-bindings==26.1.0
#11 4.713  + certifi==2026.7.22
#11 4.713  + cffi==2.1.1
#11 4.713  + click==8.5.0
#11 4.713  + fastapi==0.141.1
#11 4.713  + greenlet==3.5.6
#11 4.713  + h11==0.16.0
#11 4.713  + httpcore==1.0.9
#11 4.713  + httpx==0.28.1
#11 4.713  + idna==3.20
#11 4.713  + mako==1.4.1
#11 4.713  + markdown-it-py==4.2.0
#11 4.713  + markupsafe==3.0.3
#11 4.713  + mdurl==0.1.2
#11 4.713  + nexa==0.1.0 (from file:///opt/nexa)
#11 4.713  + prometheus-client==0.26.0
#11 4.713  + psycopg==3.3.5
#11 4.713  + psycopg-binary==3.3.5
#11 4.713  + pycparser==3.0
#11 4.713  + pydantic==2.13.5
#11 4.713  + pydantic-core==2.46.5
#11 4.715  + pygments==2.21.0
#11 4.715  + rfc8785==0.1.4
#11 4.715  + rich==15.0.0
#11 4.715  + shellingham==1.5.4
#11 4.715  + sqlalchemy==2.0.54
#11 4.715  + starlette==1.6.0
#11 4.715  + typer==0.27.2
#11 4.715  + typing-extensions==4.16.0
#11 4.715  + typing-inspection==0.4.4
#11 4.715  + uvicorn==0.41.0
#11 DONE 4.9s

#12 exporting to image
#12 exporting layers
#12 exporting layers 2.0s done
#12 exporting manifest sha256:3d32dbf9742fde2279cc3c061f8da31f36c2388a2bf06a07ad340722f8735b2f done
#12 exporting config sha256:c810f1db61d216941134aafe654fae519c7360d4e6a9245ab285796b8edb8902 done
#12 exporting attestation manifest sha256:f8ab345238389ec837a696e6f609faace1bab7c650062e03e14d2f0041440d3b done
#12 exporting manifest list sha256:5a6039116ffe1a58244ec2c7ccdb283f940ae4d5d7498b745e8f48d22c3a2528 done
#12 naming to docker.io/nexa/b19-worker:local done
#12 unpacking to docker.io/nexa/b19-worker:local
#12 unpacking to docker.io/nexa/b19-worker:local 1.0s done
#12 DONE 3.1s

View build details: docker-desktop://dashboard/build/desktop-linux/desktop-linux/xz060wfrzdt3w310yztupt2wg
exit=0
# source in image (/opt/nexa/.venv/lib/python3.12/site-packages, sha256sum) = working tree (shasum -a 256): c36d2e0a07ade2090a61be3d91e394b6afae927935fc8c884238b14ea6589163, 174 files; image id sha256:5a6039116ffe1a58244ec2c7ccdb283f940ae4d5d7498b745e8f48d22c3a2528
