# B19 Docker tests, CPU image nexa/cpu-iterative@sha256:a35ca28733855ab40ff10207f69d94c028338073b74984ef9d0b9f3783b0d956, worker image nexa/b19-worker:local, 2026-10-03T19:49:09Z
## 1) NEXA_RUN_DOCKER=1 pytest -q -s tests/docker/test_real_runner.py -k 'bounds or pid or log_bound or rootfs'
......
6 passed, 6 deselected in 78.08s (0:01:18)

## 2) NEXA_RUN_DOCKER=1 NEXA_B11_RUNTIME_EVIDENCE=1 pytest -q --run-postgres tests/docker/test_real_runner.py tests/docker/test_real_executor.py tests/docker/test_b11_worker_ipc.py tests/docker/test_b11_vertical.py (DB nexa_b05_test_b19docker, URL masked)
.................                                                        [100%]
=============================== warnings summary ===============================
.venv/lib/python3.12/site-packages/fastapi/testclient.py:1
  /Users/macbook/Documents/University Library/PBL4-Project/.venv/lib/python3.12/site-packages/fastapi/testclient.py:1: StarletteDeprecationWarning: Using `httpx` with `starlette.testclient` is deprecated; install `httpx2` instead.
    from starlette.testclient import TestClient as TestClient  # noqa

.venv/lib/python3.12/site-packages/starlette/testclient.py:53
  /Users/macbook/Documents/University Library/PBL4-Project/.venv/lib/python3.12/site-packages/starlette/testclient.py:53: DeprecationWarning: The anyio.abc.BlockingPortal alias is deprecated, use anyio.from_thread.BlockingPortal instead.
    _PortalFactoryType = Callable[[], AbstractContextManager[anyio.abc.BlockingPortal]]

-- Docs: https://docs.pytest.org/en/stable/how-to/capture-warnings.html
17 passed, 2 warnings in 248.04s (0:04:08)

# ---- rerun on the final tree ----
# (a first rerun attempt at 21:08:49Z used a wrong env name for the image and failed in setup in 0.26 s / 4.02 s with 'NEXA_B09_IMAGE_REF must be an exact digest reference'; no product code ran)
# B19 Docker tests on the final tree (source listing 16959afc…), NEXA_B09_IMAGE_REF=nexa/cpu-iterative@sha256:a35ca28733855ab40ff10207f69d94c028338073b74984ef9d0b9f3783b0d956, NEXA_B11_WORKER_IMAGE=nexa/b19-worker:local (r2 sha256:5d35ccb53860), 2026-10-03T21:09:16Z
## 1) NEXA_RUN_DOCKER=1 pytest -q -s tests/docker/test_real_runner.py -k "bounds or pid or log_bound or rootfs"
6 passed, 6 deselected in 79.45s (0:01:19)
exit=0

## 2) NEXA_RUN_DOCKER=1 NEXA_B11_RUNTIME_EVIDENCE=1 pytest -q --run-postgres tests/docker/test_real_runner.py tests/docker/test_real_executor.py tests/docker/test_b11_worker_ipc.py tests/docker/test_b11_vertical.py (DB nexa_b05_test_b19docker, URL masked)
17 passed, 2 warnings in 258.37s (0:04:18)
exit=0
# ---- round 2 rerun (RV01–RV11) ----
# B19 Docker tests on the round 2 tree (source listing c36d2e0a…), NEXA_B09_IMAGE_REF=nexa/cpu-iterative@sha256:a35ca28733855ab40ff10207f69d94c028338073b74984ef9d0b9f3783b0d956, NEXA_B11_WORKER_IMAGE=nexa/b19-worker:local (r3 sha256:5a6039116ffe), 2026-10-04T17:44:56Z
## 1) NEXA_RUN_DOCKER=1 pytest -q -s tests/docker/test_real_runner.py -k "bounds or pid or log_bound or rootfs"
6 passed, 6 deselected in 67.32s (0:01:07)
## 2) NEXA_RUN_DOCKER=1 NEXA_B11_RUNTIME_EVIDENCE=1 pytest -q --run-postgres tests/docker/test_real_runner.py tests/docker/test_real_executor.py tests/docker/test_b11_worker_ipc.py tests/docker/test_b11_vertical.py (DB nexa_b05_test_b19docker, URL masked)
17 passed, 2 warnings in 253.41s (0:04:13)
