# B19 final Playwright regression, 2026-10-04 (P), bash /tmp/b19_pw_all.sh: one stack run per project group, NEXA_TEST_DATABASE_URL=<URL>/nexa_b05_test_b19e2e, worker nexa/b19-worker:local (r2), output filtered to [b17-stack]/summary lines
=== w1-admin-mode: stack run --tier w1 -- pnpm --dir web exec playwright test --project=w1-admin-mode ===
[b17-stack] run d76b5215 tier=w1 network=bridge dist index=b57852b8a94a
[b17-stack] database reset and migrated to head
[b17-stack] API ready on port 57337 (bind 127.0.0.1)
[b17-stack] Caddy caddy:2.10.2-alpine (sha256:4c6e91c6ed0e) serving https://localhost:57338
[b17-stack] seeded 3 tenants, 10 users, 3 templates
[b17-stack] running: pnpm --dir web exec playwright test --project=w1-admin-mode
  1 passed (6.6s)
[b17-stack] command exit=0 in 7.8s
[b17-stack] cleaned up run d76b5215
=== w2-admin: stack run --tier w2 -- pnpm --dir web exec playwright test --project=w2-admin --project=w2-admin-mobile ===
[b17-stack] run dad90f01 tier=w2 network=bridge dist index=b57852b8a94a
[b17-stack] database reset and migrated to head
[b17-stack] API ready on port 57400 (bind 127.0.0.1)
[b17-stack] Caddy caddy:2.10.2-alpine (sha256:4c6e91c6ed0e) serving https://localhost:57401
[b17-stack] seeded 3 tenants, 10 users, 3 templates
[b17-stack] coordinator started
[b17-stack] worker READY: cpu image sha256:a35ca2873385, worker sha256:5d35ccb53860
[b17-stack] running: pnpm --dir web exec playwright test --project=w2-admin --project=w2-admin-mobile
  6 passed (3.4m)
[b17-stack] command exit=0 in 208.6s
[b17-stack] cleaned up run dad90f01
=== w1: stack run --tier w1 -- pnpm --dir web exec playwright test --project=w1-desktop --project=w1-mobile ===
[b17-stack] run ec5d0ee0 tier=w1 network=bridge dist index=b57852b8a94a
[b17-stack] database reset and migrated to head
[b17-stack] API ready on port 57585 (bind 127.0.0.1)
[b17-stack] Caddy caddy:2.10.2-alpine (sha256:4c6e91c6ed0e) serving https://localhost:57586
[b17-stack] seeded 3 tenants, 10 users, 3 templates
[b17-stack] running: pnpm --dir web exec playwright test --project=w1-desktop --project=w1-mobile
  23 passed (22.3s)
[b17-stack] command exit=0 in 23.3s
[b17-stack] cleaned up run ec5d0ee0
=== w1-admission: stack run --tier w1 -- pnpm --dir web exec playwright test --project=w1-admission ===
[b17-stack] run 6a49a220 tier=w1 network=bridge dist index=b57852b8a94a
[b17-stack] database reset and migrated to head
[b17-stack] API ready on port 57779 (bind 127.0.0.1)
[b17-stack] Caddy caddy:2.10.2-alpine (sha256:4c6e91c6ed0e) serving https://localhost:57780
[b17-stack] seeded 3 tenants, 10 users, 3 templates
[b17-stack] running: pnpm --dir web exec playwright test --project=w1-admission
  1 passed (2.3s)
[b17-stack] command exit=0 in 3.0s
[b17-stack] cleaned up run 6a49a220
=== w1-admin: stack run --tier w1 -- pnpm --dir web exec playwright test --project=w1-admin ===
[b17-stack] run 65040028 tier=w1 network=bridge dist index=b57852b8a94a
[b17-stack] database reset and migrated to head
[b17-stack] API ready on port 57836 (bind 127.0.0.1)
[b17-stack] Caddy caddy:2.10.2-alpine (sha256:4c6e91c6ed0e) serving https://localhost:57837
[b17-stack] seeded 3 tenants, 10 users, 3 templates
[b17-stack] running: pnpm --dir web exec playwright test --project=w1-admin
  20 passed (20.0s)
[b17-stack] command exit=0 in 20.6s
[b17-stack] cleaned up run 65040028
=== w1-admin-frozen: stack run --tier w1 --operational-mode WRITE_FROZEN -- pnpm --dir web exec playwright test --project=w1-admin-frozen ===
[b17-stack] run 88661700 tier=w1 network=bridge dist index=b57852b8a94a
[b17-stack] database reset and migrated to head
[b17-stack] API ready on port 58052 (bind 127.0.0.1)
[b17-stack] Caddy caddy:2.10.2-alpine (sha256:4c6e91c6ed0e) serving https://localhost:58053
[b17-stack] seeded 3 tenants, 10 users, 3 templates
[b17-stack] test DB set to WRITE_FROZEN at policy version 2
[b17-stack] running: pnpm --dir web exec playwright test --project=w1-admin-frozen
  1 passed (2.8s)
[b17-stack] command exit=0 in 3.6s
[b17-stack] cleaned up run 88661700
=== w2: stack run --tier w2 -- pnpm --dir web exec playwright test --project=w2 ===
[b17-stack] run 47ba101e tier=w2 network=bridge dist index=b57852b8a94a
[b17-stack] database reset and migrated to head
[b17-stack] API ready on port 58103 (bind 127.0.0.1)
[b17-stack] Caddy caddy:2.10.2-alpine (sha256:4c6e91c6ed0e) serving https://localhost:58104
[b17-stack] seeded 3 tenants, 10 users, 3 templates
[b17-stack] coordinator started
[b17-stack] worker READY: cpu image sha256:a35ca2873385, worker sha256:5d35ccb53860
[b17-stack] running: pnpm --dir web exec playwright test --project=w2
  4 passed (1.5m)
[b17-stack] command exit=0 in 91.1s
[b17-stack] cleaned up run 47ba101e
