......................F.                                                 [100%]
=================================== FAILURES ===================================
_ test_rem_b14_k5_full_output_fails_the_checkpoint_as_internal_without_a_retry _

tmp_path = PosixPath('/tmp/pytest-of-U/pytest-9/test_rem_b14_k5_full_output_fa0')

    def test_rem_b14_k5_full_output_fails_the_checkpoint_as_internal_without_a_retry(
        migrated_postgres_engine, tmp_path
    ):
        if os.environ.get("NEXA_RUN_DOCKER") != "1":
            pytest.skip("opt-in B14-K5 Docker evidence")
        image = os.environ["NEXA_B09_IMAGE_REF"]
        worker_image = os.environ["NEXA_B11_WORKER_IMAGE"]
        assert "@sha256:" in image
        architecture = subprocess.check_output(
            ["docker", "image", "inspect", "--format", "{{.Os}}/{{.Architecture}}", image],
            text=True,
            timeout=10,
        ).strip()
        engine = migrated_postgres_engine
        _template(engine, image, architecture)
        evidence = {"image": image, "architecture": architecture, "worker_image": worker_image}
        with _client(engine, tmp_path) as client:
            harness = _Harness(engine, tmp_path, client, image, worker_image)
            try:
                harness.bootstrap()
                harness.start_api()
                harness.start_worker()
                try:
                    _wait(lambda: _worker_ready(engine), "worker READY", timeout=40)
                except AssertionError as exc:
                    raise AssertionError(f"{exc}; worker_log={harness.worker_logs()}") from exc
                harness.coordinator.start()
    
                job = _submit(harness, "rem-k5-output-full")
                attempt, container = harness.running_attempt(job, 1)
>               _wait(
                    lambda: _exec(container, _STATE_PRESENT).returncode == 0,
                    "first workload snapshot",
                    timeout=30,
                )

tests/docker/test_rem_b14_k5_output_full.py:148: 
_ _ _ _ _ _ _ _ _ _ _ _ _ _ _ _ _ _ _ _ _ _ _ _ _ _ _ _ _ _ _ _ _ _ _ _ _ _ _ _ 

predicate = <function test_rem_b14_k5_full_output_fails_the_checkpoint_as_internal_without_a_retry.<locals>.<lambda> at 0x7ef5599ace00>
detail = 'first workload snapshot', timeout = 30, pause = 0.2

    def _wait(predicate, detail, timeout=120, pause=0.2):
        until = time.monotonic() + timeout
        last = None
        while time.monotonic() < until:
            last = predicate()
            if last:
                return last
            time.sleep(pause)
>       raise AssertionError(f"{detail}: last={last!r}")
E       AssertionError: first workload snapshot: last=False

tests/docker/test_b14_checkpoint_restore.py:65: AssertionError
---------------------------- Captured stderr setup -----------------------------
INFO  [alembic.runtime.migration] Context impl PostgresqlImpl.
INFO  [alembic.runtime.migration] Will assume transactional DDL.
INFO  [alembic.runtime.migration] Running upgrade  -> 20260919_0001, Create the B05 PostgreSQL schema.
INFO  [alembic.runtime.migration] Running upgrade 20260919_0001 -> 20260920_0002, Add durable B06 identity runtime state.
INFO  [alembic.runtime.migration] Running upgrade 20260920_0002 -> 20260920_0003, Add B07 durable tenant artifact-storage counters.
INFO  [alembic.runtime.migration] Running upgrade 20260920_0003 -> 20260921_0004, Persist B10 reconciliation traversal progress.
INFO  [alembic.runtime.migration] Running upgrade 20260921_0004 -> 20260922_0005, Persist immutable B11 dispatch and claim facts.
INFO  [alembic.runtime.migration] Running upgrade 20260922_0005 -> 20260922_0006, Bind upload sessions to the authority grant that authorized them.
INFO  [alembic.runtime.migration] Running upgrade 20260922_0006 -> 20260923_0007, Correlate recognized results with their committed completion callback.
INFO  [alembic.runtime.migration] Running upgrade 20260923_0007 -> 20260925_0008, Maintain the existing per-tenant/priority queue heads in Job transactions.
INFO  [alembic.runtime.migration] Running upgrade 20260925_0008 -> 20260925_0009, Persist the inputs used to reconcile queued eligibility per tenant.
INFO  [alembic.runtime.migration] Running upgrade 20260925_0009 -> 20260925_0010, Track queued submitters without scanning every job on a blocked tick.
INFO  [alembic.runtime.migration] Running upgrade 20260925_0010 -> 20260925_0011, Persist the end of a tenant or user concurrency block.
INFO  [alembic.runtime.migration] Running upgrade 20260925_0011 -> 20260925_0012, Start eligible age at the durable retry-ready boundary.
INFO  [alembic.runtime.migration] Running upgrade 20260925_0012 -> 20260925_0013, Record exact queue eligibility boundaries without rewriting a tenant queue.
INFO  [alembic.runtime.migration] Running upgrade 20260925_0013 -> 20260925_0014, Record tenant enable boundaries and rebuild preexisting queue eligibility.
INFO  [alembic.runtime.migration] Running upgrade 20260925_0014 -> 20260925_0015, Support bounded age existence probes for priority promotion.
INFO  [alembic.runtime.migration] Running upgrade 20260925_0015 -> 20260925_0016, Index per-submitter age probes used by bounded resumed queue windows.
INFO  [alembic.runtime.migration] Running upgrade 20260925_0016 -> 20260925_0017, Track held-quota headroom per tenant instead of rewriting queued job ages.
INFO  [alembic.runtime.migration] Running upgrade 20260925_0017 -> 20260926_0018, Record one-way checkpoint corruption marks for restore selection.
INFO  [alembic.runtime.migration] Running upgrade 20260926_0018 -> 20260926_0019, Admit checkpoint-for-pause jobs to the B13 queue and support B15 control.
INFO  [alembic.runtime.migration] Running upgrade 20260926_0019 -> 20260928_0020, Store the B16 sweep expansion and the batch-inference item count.
INFO  [alembic.runtime.migration] Running upgrade 20260928_0020 -> 20260928_0021, Make every Nexa SQL function independent of the caller's search_path (B13-R12).
INFO  [alembic.runtime.migration] Running upgrade 20260928_0021 -> 20260929_0022, Record the artifact store identity the deployment bound (B14-OBS-01).
=============================== warnings summary ===============================
../venv-repo/lib/python3.12/site-packages/fastapi/testclient.py:1
  ~/nexa-rem/venv-repo/lib/python3.12/site-packages/fastapi/testclient.py:1: StarletteDeprecationWarning: Using `httpx` with `starlette.testclient` is deprecated; install `httpx2` instead.
    from starlette.testclient import TestClient as TestClient  # noqa

../venv-repo/lib/python3.12/site-packages/starlette/testclient.py:53
  ~/nexa-rem/venv-repo/lib/python3.12/site-packages/starlette/testclient.py:53: DeprecationWarning: The anyio.abc.BlockingPortal alias is deprecated, use anyio.from_thread.BlockingPortal instead.
    _PortalFactoryType = Callable[[], AbstractContextManager[anyio.abc.BlockingPortal]]

-- Docs: https://docs.pytest.org/en/stable/how-to/capture-warnings.html
1 failed, 23 passed, 2 warnings in 2398.61s (0:39:58)
EXIT=1
