........................................................................ [  3%]
........................................................................ [  6%]
........................................................................ [  9%]
........................................................................ [ 12%]
........................................................................ [ 15%]
........................................................................ [ 18%]
........................................................................ [ 21%]
........................................................................ [ 24%]
........................................................................ [ 27%]
........................................................................ [ 30%]
........................................................................ [ 33%]
........................................................................ [ 36%]
........................................................................ [ 39%]
........................................................................ [ 42%]
................................................................sss..... [ 46%]
........................................................................ [ 49%]
..............
B16 100-child sweep latency over 5 runs (nearest rank): p50=4.544s p95=5.287s min=4.222s
.......................................................... [ 52%]
........................................................................ [ 55%]
........................................................................ [ 58%]
........................................................................ [ 61%]
........................................................................ [ 64%]
........................................................................ [ 67%]
........................................................................ [ 70%]
........................................................................ [ 73%]
........................................................................ [ 76%]
........................................................................ [ 79%]
........................................................................ [ 82%]
........................................................................ [ 85%]
........................................................................ [ 89%]
........................................................................ [ 92%]
........................................................................ [ 95%]
........................................................................ [ 98%]
..........................................                               [100%]
=============================== warnings summary ===============================
../venv-repo/lib/python3.12/site-packages/fastapi/testclient.py:1
  ~/nexa-rem/venv-repo/lib/python3.12/site-packages/fastapi/testclient.py:1: StarletteDeprecationWarning: Using `httpx` with `starlette.testclient` is deprecated; install `httpx2` instead.
    from starlette.testclient import TestClient as TestClient  # noqa

../venv-repo/lib/python3.12/site-packages/starlette/testclient.py:53
  ~/nexa-rem/venv-repo/lib/python3.12/site-packages/starlette/testclient.py:53: DeprecationWarning: The anyio.abc.BlockingPortal alias is deprecated, use anyio.from_thread.BlockingPortal instead.
    _PortalFactoryType = Callable[[], AbstractContextManager[anyio.abc.BlockingPortal]]

-- Docs: https://docs.pytest.org/en/stable/how-to/capture-warnings.html
=========================== short test summary info ============================
SKIPPED [1] tests/workloads/test_pytorch_workloads_b16.py:17: could not import 'torch': No module named 'torch'
SKIPPED [3] tests/integration/test_rem_b13_r12_search_path.py:446: pg_dump/pg_restore unavailable; set NEXA_TEST_PG_CLIENT_PREFIX
2343 passed, 4 skipped, 2 warnings in 910.74s (0:15:10)
EXIT=0
